// Vitest Snapshot v1, https://vitest.dev/guide/snapshot.html

exports[`ColumnsTest renders correctly 1`] = `
<div>
  <main
    class="p-t-xs-2 row undefined"
  >
    <div
      class="col-6 col-lg-2 col-sm-4"
    >
       
    </div>
    <div
      class="col-6 col-lg-2 col-sm-4"
    >
       
    </div>
    <div
      class="col-6 col-lg-2 col-sm-4"
    >
       
    </div>
    <div
      class="col-6 col-lg-2 col-sm-4"
    >
       
    </div>
    <div
      class="col-6 col-lg-2 col-sm-4"
    >
       
    </div>
    <div
      class="col-6 col-lg-2 col-sm-4"
    >
       
    </div>
    <div
      class="col-6 col-lg-2 col-sm-4"
    >
       
    </div>
  </main>
  <main
    class="row undefined"
  >
    <div
      class="col-6 col-lg-2 col-sm-4"
    >
       
    </div>
    <div
      class="col-6 col-lg-2 col-sm-4"
    >
       
    </div>
    <div
      class="col-6 col-lg-2 col-sm-4"
    >
       
    </div>
    <div
      class="col-6 col-lg-2 col-sm-4"
    >
       
    </div>
    <div
      class="col-6 col-lg-2 col-sm-4"
    >
       
    </div>
    <div
      class="col-6 col-lg-2 col-sm-4"
    >
       
    </div>
    <div
      class="col-6 col-lg-2 col-sm-4"
    >
       
    </div>
  </main>
  <main
    class="row undefined"
  >
    <div
      class="col-6 col-lg-2 col-sm-4"
    >
       
    </div>
    <div
      class="col-6 col-lg-2 col-sm-4"
    >
       
    </div>
    <div
      class="col-6 col-lg-2 col-sm-4"
    >
       
    </div>
    <div
      class="col-6 col-lg-2 col-sm-4"
    >
       
    </div>
    <div
      class="col-6 col-lg-2 col-sm-4"
    >
       
    </div>
    <div
      class="col-6 col-lg-2 col-sm-4"
    >
       
    </div>
    <div
      class="col-6 col-lg-2 col-sm-4"
    >
       
    </div>
  </main>
</div>
`;
